初始化 Faker 中文和 PersonaProvider...

开始生成完全随机的人物画像并附带 AI 证件照与人生经历...
这可能需要占用几秒到一分钟的时间（等待大模型和生图 API），请耐心等待...

==== 生成结果 ====
{
  "name": "裴静",
  "gender": "女",
  "age": 61,
  "birth_date": "1964-03-27",
  "ssn": "350982196403270584",
  "email": "jun35@126.com",
  "yopmail": "jun35@yopmail.com",
  "yopmail_url": "https://yopmail.com/zh/?login=jun35",
  "username": "jun35",
  "password": "$+eOTjTb7F",
  "ethnicity": "汉族",
  "bank_card": "6222080676200632994",
  "bank_name": "中国工商银行",
  "mbti": "ISFP",
  "physical": {
    "height": "167cm",
    "weight": "61kg",
    "blood_type": "O+"
  },
  "hometown": {
    "province": "福建省",
    "city": "宁德市",
    "area": "福鼎市",
    "address": "福建省宁德市福鼎市磻溪镇仙蒲村63号",
    "postcode": "355217"
  },
  "workplace": {
    "province": "福建省",
    "city": "宁德市",
    "area": "福鼎市",
    "address": "福建省宁德市福鼎市磻溪镇排洋村24号"
  },
  "asset": {
    "vehicle_plate": "无"
  },
  "primary_phone": {
    "number": "13062167645",
    "location": "宁德市"
  },
  "social": {
    "education": "博士",
    "employment": "自由职业",
    "job": "其他",
    "salary": "￥4800",
    "security_question": "你的小学老师姓什么？",
    "security_answer": "陈"
  },
  "internet": {
    "guid": "2d3dcb36-9b65-49ff-8a0c-8cacc7382fce",
    "user_agent": "Mozilla/5.0 (Macintosh; U; PPC Mac OS X 10_11_5 rv:5.0; cmn-TW) AppleWebKit/531.8.7 (KHTML, like Gecko) Version/4.0.1 Safari/531.8.7",
    "os": "Windows 11",
    "web_home": "https://www.91.com/"
  },
  "life_story": "裴静出生于福建省宁德市福鼎市磻溪镇仙蒲村，户籍地与此一致。她早年就读于当地学校，后考入福建师范大学攻读博士学位。毕业后，她选择自由职业，从事文化研究相关工作，长期在宁德市福鼎市磻溪镇排洋村生活和工作，使用主手机号13062167645。她的副手机号未提供，但工作地成为其人生重要轨迹。作为ISFP性格，她偏好独立工作，月薪约4800元，保持低调生活方式。",
  "image_prompt": "formal ID photo, passport photo, frontal face, facing camera, solid blue background, exact hex color code #438EDB, Chinese woman, 61 years old, ISFP personality, free-lance cultural researcher, short gray hair, gentle expression, wearing simple glasses, plain clothing, no hat, professional appearance, realistic style",
  "avatar_url": "https://s3.siliconflow.cn/temporary/outputs/2uv55hxsial93_3bf4d41851e87751adfdf1a47599fac0_ComfyUI_f7c61477_00001_.png?X-Amz-Algorithm=AWS4-HMAC-SHA256&X-Amz-Credential=AKIAXXXXFILESEXAMPLE%2F20260220%2Fcn-shanghai-1%2Fs3%2Faws4_request&X-Amz-Date=20260220T132249Z&X-Amz-Expires=3600&X-Amz-SignedHeaders=host&X-Amz-Security-Token=eyJhbGciOiJSUzI1NiIsImtpZCI6ImdyYXkiLCJ0eXAiOiJKV1QifQ.eyJzdWIiOiJmYWFzOmRlcDpvcHI6ZDI5Y3UzZ2gzdnZjNzNjNWJpNWc6ZmQ1M2YiLCJpc3MiOiJodHRwczovL2lhbS5zaWxpY29uZmxvdy5jbiIsImlhdCI6MTc3MTU4ODA2MywiZXhwIjoxNzcxNzYwODYzLCJ0eXAiOiJzZXJ2aWNlIiwiYXBsdCI6InNmOmZhYXM6ZmFicmljIiwidG50IjoiZDI5Y3UzZ2gzdnZjNzNjNWJpNWciLCJpZCI6ImQ2YzRqbnM1MG1pczczOG85OHJnIiwiYWNjZXNzIjpbeyJ0eXBlIjoiZmFhcyIsInN1YmplY3RJZCI6ImQyOWN1M2doM3Z2YzczYzViaTVnIiwiYWN0aW9ucyI6WyJmYWFzOmludm9jYXRpb246cHVsbGluZyJdfV19.dAiC73ez03KkQ7cUUykTiH6IPlt-eklOckYiHRu1_AbrpVB0T6XRCmrEIzwFzIjT4Qu3obWsR0Iht7nu-CmJl7_cT1LDAT72bG0VgCr1mZtnqsP0VjBuX4kx4gnGXtmOJuSgptDuTHZXXBJ4ofZq-5WQN32lFhG4QwPB5--GjGS0bzNKPUe_Tok8sfmgPLympHXF4pb2kQJYqNYTpWTFUNUfXO3OCyc1EISkCCgBg3cNuWNzDD9aS6LlokfHM9E3sjvMR9482WEPt12UaLBb4XOPX_EUOPElMBmo3_oZzEzKwQ6CGBdmMfY_8NGWynPymDmD5LOerJlt5lBQzB7lOPlYTLDDmak_kpS42gsuZ_h5kBAxFjV9bkU3zEEiJVJkbG_G4Rt7Pmdgew4oZDpF_-I6xahSSUqHEvLXPA-ECnm4B7jlARFmJ2wxvvE-7ECgiMFCCYWXRXHamC0B7OqOAU_vBRs2GtuhYGgXTdl2MMWyO6zqmVKipSiQhmVXctXdFqA6eR08KIdWTRLz3omIzMt_1mgFOObqJN_jLRUStYp1nA0OVOji_hOWIK0fx3AvzUaBoJe31A0u2DjkHMD_GJDWTw2TIIb7xdMw1ytUloAEBXJdDlTkjNSlAn5fmwKziD_1m7Q3opqOhLCfAQ90pokOsifQWdXnRKOF0eWz1Mc&X-Amz-Signature=8c214a8038e4aec05080e35a1233b37da90c96dccf6428c78cb77c9620bc1522"
}

[92m[成功][0m 已生成由于大模型驱动的人生经历 (life_story)!

[92m[成功][0m 已生成蓝底证件照 URL: https://s3.siliconflow.cn/temporary/outputs/2uv55hxsial93_3bf4d41851e87751adfdf1a47599fac0_ComfyUI_f7c61477_00001_.png?X-Amz-Algorithm=AWS4-HMAC-SHA256&X-Amz-Credential=AKIAXXXXFILESEXAMPLE%2F20260220%2Fcn-shanghai-1%2Fs3%2Faws4_request&X-Amz-Date=20260220T132249Z&X-Amz-Expires=3600&X-Amz-SignedHeaders=host&X-Amz-Security-Token=eyJhbGciOiJSUzI1NiIsImtpZCI6ImdyYXkiLCJ0eXAiOiJKV1QifQ.eyJzdWIiOiJmYWFzOmRlcDpvcHI6ZDI5Y3UzZ2gzdnZjNzNjNWJpNWc6ZmQ1M2YiLCJpc3MiOiJodHRwczovL2lhbS5zaWxpY29uZmxvdy5jbiIsImlhdCI6MTc3MTU4ODA2MywiZXhwIjoxNzcxNzYwODYzLCJ0eXAiOiJzZXJ2aWNlIiwiYXBsdCI6InNmOmZhYXM6ZmFicmljIiwidG50IjoiZDI5Y3UzZ2gzdnZjNzNjNWJpNWciLCJpZCI6ImQ2YzRqbnM1MG1pczczOG85OHJnIiwiYWNjZXNzIjpbeyJ0eXBlIjoiZmFhcyIsInN1YmplY3RJZCI6ImQyOWN1M2doM3Z2YzczYzViaTVnIiwiYWN0aW9ucyI6WyJmYWFzOmludm9jYXRpb246cHVsbGluZyJdfV19.dAiC73ez03KkQ7cUUykTiH6IPlt-eklOckYiHRu1_AbrpVB0T6XRCmrEIzwFzIjT4Qu3obWsR0Iht7nu-CmJl7_cT1LDAT72bG0VgCr1mZtnqsP0VjBuX4kx4gnGXtmOJuSgptDuTHZXXBJ4ofZq-5WQN32lFhG4QwPB5--GjGS0bzNKPUe_Tok8sfmgPLympHXF4pb2kQJYqNYTpWTFUNUfXO3OCyc1EISkCCgBg3cNuWNzDD9aS6LlokfHM9E3sjvMR9482WEPt12UaLBb4XOPX_EUOPElMBmo3_oZzEzKwQ6CGBdmMfY_8NGWynPymDmD5LOerJlt5lBQzB7lOPlYTLDDmak_kpS42gsuZ_h5kBAxFjV9bkU3zEEiJVJkbG_G4Rt7Pmdgew4oZDpF_-I6xahSSUqHEvLXPA-ECnm4B7jlARFmJ2wxvvE-7ECgiMFCCYWXRXHamC0B7OqOAU_vBRs2GtuhYGgXTdl2MMWyO6zqmVKipSiQhmVXctXdFqA6eR08KIdWTRLz3omIzMt_1mgFOObqJN_jLRUStYp1nA0OVOji_hOWIK0fx3AvzUaBoJe31A0u2DjkHMD_GJDWTw2TIIb7xdMw1ytUloAEBXJdDlTkjNSlAn5fmwKziD_1m7Q3opqOhLCfAQ90pokOsifQWdXnRKOF0eWz1Mc&X-Amz-Signature=8c214a8038e4aec05080e35a1233b37da90c96dccf6428c78cb77c9620bc1522
您可点击上述链接查验证件照是否满足特征 (深蓝底 #438EDB，正面免冠)。
